// Jest Snapshot v1, https://goo.gl/fbAQLP

exports[`should render self and sub-components 1`] = `
<div
  dangerouslySetInnerHTML={
    Object {
      "__html": "",
    }
  }
/>
`;
